// Jest Snapshot v1, https://goo.gl/fbAQLP

exports[`Character comp test renders a character 1`] = `
<section>
  <img
    src="/image"
  />
  <p>
    morthy
  </p>
  <p>
    dead
  </p>
  <p>
    klingon
  </p>
</section>
`;
